<!DOCTYPE html>
<html lang="en-US">
  <head>
    <meta charset="utf-8">
    <meta name="viewport" content="width=device-width,initial-scale=1">
    <title>smartmontools | fangying.dev</title>
    <meta name="description" content="硬盘使用统计工具 brew安装">
    <link rel="stylesheet" href="/assets/style.643d62ed.css">
    <link rel="modulepreload" href="/assets/Home.c48b79de.js">
    <link rel="modulepreload" href="/assets/app.0b74f430.js">
    <link rel="modulepreload" href="/assets/posts_smartmontools.md.7b88e7e8.lean.js">
    <link rel="modulepreload" href="/assets/app.0b74f430.js">
    <meta name="twitter:title" content="smartmontools | fangying.dev">
    <meta property="og:title" content="smartmontools | fangying.dev">
  </head>
  <body>
    <div id="app"><!--[--><!--[--><div class="theme"><header class="nav-bar" data-v-6898e0ee><div class="sidebar-button" data-v-6898e0ee><svg class="icon" xmlns="http://www.w3.org/2000/svg" aria-hidden="true" role="img" viewBox="0 0 448 512"><path fill="currentColor" d="M436 124H12c-6.627 0-12-5.373-12-12V80c0-6.627 5.373-12 12-12h424c6.627 0 12 5.373 12 12v32c0 6.627-5.373 12-12 12zm0 160H12c-6.627 0-12-5.373-12-12v-32c0-6.627 5.373-12 12-12h424c6.627 0 12 5.373 12 12v32c0 6.627-5.373 12-12 12zm0 160H12c-6.627 0-12-5.373-12-12v-32c0-6.627 5.373-12 12-12h424c6.627 0 12 5.373 12 12v32c0 6.627-5.373 12-12 12z" class></path></svg></div><a class="nav-bar-title" href="/" aria-label="fangying.dev, back to home" data-v-6898e0ee data-v-7ac13a1e><!----> fangying.dev</a><div class="flex-grow" data-v-6898e0ee></div><div class="nav" data-v-6898e0ee><nav class="nav-links" data-v-6898e0ee data-v-640fc9fc><!--[--><div class="item" data-v-640fc9fc><div class="nav-link" data-v-640fc9fc data-v-792310f6><a class="item" href="/" data-v-792310f6>Home <!----></a></div></div><div class="item" data-v-640fc9fc><div class="nav-link" data-v-640fc9fc data-v-792310f6><a class="item" href="/pages/archives" data-v-792310f6>Archives <!----></a></div></div><div class="item" data-v-640fc9fc><div class="nav-link" data-v-640fc9fc data-v-792310f6><a class="item" href="/pages/tags" data-v-792310f6>Tags <!----></a></div></div><div class="item" data-v-640fc9fc><div class="nav-link" data-v-640fc9fc data-v-792310f6><a class="item" href="/pages/about" data-v-792310f6>About <!----></a></div></div><!--]--><!----><!----></nav></div><!--[--><!--]--></header><aside class="sidebar" data-v-71f182b0><nav class="nav-links nav" data-v-71f182b0 data-v-640fc9fc><!--[--><div class="item" data-v-640fc9fc><div class="nav-link" data-v-640fc9fc data-v-792310f6><a class="item" href="/" data-v-792310f6>Home <!----></a></div></div><div class="item" data-v-640fc9fc><div class="nav-link" data-v-640fc9fc data-v-792310f6><a class="item" href="/pages/archives" data-v-792310f6>Archives <!----></a></div></div><div class="item" data-v-640fc9fc><div class="nav-link" data-v-640fc9fc data-v-792310f6><a class="item" href="/pages/tags" data-v-792310f6>Tags <!----></a></div></div><div class="item" data-v-640fc9fc><div class="nav-link" data-v-640fc9fc data-v-792310f6><a class="item" href="/pages/about" data-v-792310f6>About <!----></a></div></div><!--]--><!----><!----></nav><!--[--><!--]--><!----><!--[--><!--]--></aside><!-- TODO: make this button accessible --><div class="sidebar-mask"></div><main class="page" data-v-8fcebc32><div class="container" data-v-8fcebc32><!--[--><!--]--><div style="position:relative;" class="content" data-v-8fcebc32><div><h1 id="smartmontools"><a class="header-anchor" href="#smartmontools" aria-hidden="true">#</a> smartmontools</h1><p>Temperature: 33 Celsius<br> Available Spare: 100%<br> Available Spare Threshold: 99%<br> Percentage Used: 1%<br> Data Units Read: 11,150,609 [5.70 TB]<br> Data Units Written: 11,633,434 [5.95 TB]<br> Host Read Commands: 159,877,037<br> Host Write Commands: 229,447,930<br><div></div></p></div></div><footer class="page-footer" data-v-8fcebc32 data-v-5c96fb00><div class="edit" data-v-5c96fb00><div class="edit-link" data-v-5c96fb00 data-v-55695e90><!----></div></div><div class="updated" data-v-5c96fb00><!----></div></footer><!----><!--[--><!--]--></div></main></div><!----><!--]--><div class="site-footer"> MIT Licensed | Copyright © 2008- 2021 <a class="vitepress" href="https://fangying.dev">fangying.dev</a><br> Powered by <a class="vitepress" target="_blank" href="//vitepress.vuejs.org/">VitePress</a></div><!--]--></div>
    <script>__VP_HASH_MAP__ = JSON.parse("{\"index.md\":\"5824e187\",\"pages_about.md\":\"c624dfe2\",\"pages_archives.md\":\"52c3999b\",\"pages_tags.md\":\"597196df\",\"posts_gitk_retina.md\":\"479ef047\",\"posts_macos_file_permission.md\":\"254cda36\",\"posts_mycomputers.md\":\"8af55b6d\",\"posts_psd_size_reduce.md\":\"676119a8\",\"posts_smartmontools.md\":\"7b88e7e8\",\"posts_travis_ci.md\":\"fbfa8274\",\"posts_vitepress-first.md\":\"c8ef4342\",\"posts_zsh_history.md\":\"e2a26d58\"}")</script>
    <script type="module" async src="/assets/app.0b74f430.js"></script>
  </body>
</html>