<!DOCTYPE html>
<html lang="en-US">
  <head>
    <meta charset="utf-8">
    <meta name="viewport" content="width=device-width,initial-scale=1">
    <title>smartmontools | fangying.dev</title>
    <meta name="description" content="硬盘使用统计工具 brew安装">
    <link rel="stylesheet" href="/assets/style.6703aaf5.css">
    <link rel="modulepreload" href="/assets/Home.f7d187ac.js">
    <link rel="modulepreload" href="/assets/app.2f939950.js">
    <link rel="modulepreload" href="/assets/posts_smartmontools.md.c30060fb.lean.js">
    <link rel="modulepreload" href="/assets/app.2f939950.js">
    <meta name="twitter:title" content="smartmontools | fangying.dev">
    <meta property="og:title" content="smartmontools | fangying.dev">
  </head>
  <body>
    <div id="app"><!--[--><div class="theme"><header class="nav-bar" data-v-6898e0ee><div class="sidebar-button" data-v-6898e0ee><svg class="icon" xmlns="http://www.w3.org/2000/svg" aria-hidden="true" role="img" viewBox="0 0 448 512"><path fill="currentColor" d="M436 124H12c-6.627 0-12-5.373-12-12V80c0-6.627 5.373-12 12-12h424c6.627 0 12 5.373 12 12v32c0 6.627-5.373 12-12 12zm0 160H12c-6.627 0-12-5.373-12-12v-32c0-6.627 5.373-12 12-12h424c6.627 0 12 5.373 12 12v32c0 6.627-5.373 12-12 12zm0 160H12c-6.627 0-12-5.373-12-12v-32c0-6.627 5.373-12 12-12h424c6.627 0 12 5.373 12 12v32c0 6.627-5.373 12-12 12z" class></path></svg></div><a class="nav-bar-title" href="/" aria-label="fangying.dev, back to home" data-v-6898e0ee data-v-7ac13a1e><!----> fangying.dev</a><div class="flex-grow" data-v-6898e0ee></div><div class="nav" data-v-6898e0ee><nav class="nav-links" data-v-6898e0ee data-v-640fc9fc><!--[--><div class="item" data-v-640fc9fc><div class="nav-link" data-v-640fc9fc data-v-792310f6><a class="item" href="/" data-v-792310f6>Home <!----></a></div></div><div class="item" data-v-640fc9fc><div class="nav-link" data-v-640fc9fc data-v-792310f6><a class="item" href="/pages/archives" data-v-792310f6>Archives <!----></a></div></div><div class="item" data-v-640fc9fc><div class="nav-link" data-v-640fc9fc data-v-792310f6><a class="item" href="/pages/tags" data-v-792310f6>Tags <!----></a></div></div><div class="item" data-v-640fc9fc><div class="nav-link" data-v-640fc9fc data-v-792310f6><a class="item" href="/pages/about" data-v-792310f6>About <!----></a></div></div><!--]--><!----><!----></nav></div><!--[--><!--]--></header><aside class="sidebar" data-v-71f182b0><nav class="nav-links nav" data-v-71f182b0 data-v-640fc9fc><!--[--><div class="item" data-v-640fc9fc><div class="nav-link" data-v-640fc9fc data-v-792310f6><a class="item" href="/" data-v-792310f6>Home <!----></a></div></div><div class="item" data-v-640fc9fc><div class="nav-link" data-v-640fc9fc data-v-792310f6><a class="item" href="/pages/archives" data-v-792310f6>Archives <!----></a></div></div><div class="item" data-v-640fc9fc><div class="nav-link" data-v-640fc9fc data-v-792310f6><a class="item" href="/pages/tags" data-v-792310f6>Tags <!----></a></div></div><div class="item" data-v-640fc9fc><div class="nav-link" data-v-640fc9fc data-v-792310f6><a class="item" href="/pages/about" data-v-792310f6>About <!----></a></div></div><!--]--><!----><!----></nav><!--[--><!--]--><!----><!--[--><!--]--></aside><!-- TODO: make this button accessible --><div class="sidebar-mask"></div><main class="page" data-v-8fcebc32><div class="container" data-v-8fcebc32><!--[--><!--]--><div style="position:relative;" class="content" data-v-8fcebc32><div><h1 id="smartmontools"><a class="header-anchor" href="#smartmontools" aria-hidden="true">#</a> smartmontools</h1><p>Temperature: 33 Celsius<br> Available Spare: 100%<br> Available Spare Threshold: 99%<br> Percentage Used: 1%<br> Data Units Read: 11,150,609 [5.70 TB]<br> Data Units Written: 11,633,434 [5.95 TB]<br> Host Read Commands: 159,877,037<br> Host Write Commands: 229,447,930</p></div></div><footer class="page-footer" data-v-8fcebc32 data-v-5c96fb00><div class="edit" data-v-5c96fb00><div class="edit-link" data-v-5c96fb00 data-v-55695e90><!----></div></div><div class="updated" data-v-5c96fb00><!----></div></footer><!----><!--[--><!--]--></div></main></div><!----><!--]--></div>
    <script>__VP_HASH_MAP__ = JSON.parse("{\"index.md\":\"ce6f29e6\",\"pages_about.md\":\"d3259c41\",\"pages_archives.md\":\"122abd4c\",\"pages_tags.md\":\"014b6ed2\",\"posts_smartmontools.md\":\"c30060fb\",\"posts_vitepress-first.md\":\"626d4cf8\",\"posts_zsh_history.md\":\"ecd9cb1c\"}")</script>
    <script type="module" async src="/assets/app.2f939950.js"></script>
  </body>
</html>