<!DOCTYPE html>
<html lang="en-US" dir="ltr">
  <head>
    <meta charset="utf-8">
    <meta name="viewport" content="width=device-width,initial-scale=1">
    <title>smartmontools | ti.bi</title>
    <meta name="description" content="硬盘使用统计工具 brew安装">
    <link rel="preload stylesheet" href="/assets/style.9903b85b.css" as="style">
    <script type="module" src="/assets/app.65369a28.js"></script>
    <link rel="preload" href="/assets/inter-roman-latin.2ed14f66.woff2" as="font" type="font/woff2" crossorigin="">
  <link rel="modulepreload" href="/assets/chunks/framework.ffb6bb1e.js">
  <link rel="modulepreload" href="/assets/chunks/theme.633fb621.js">
  <link rel="modulepreload" href="/assets/chunks/Page.ed02d22d.js">
  <link rel="modulepreload" href="/assets/posts_smartmontools.md.ff83fbd2.lean.js">
  <script id="check-dark-light">(()=>{const e=localStorage.getItem("vitepress-theme-appearance")||"",a=window.matchMedia("(prefers-color-scheme: dark)").matches;(!e||e==="auto"?a:e==="dark")&&document.documentElement.classList.add("dark")})();</script>
  </head>
  <body>
    <div id="app"><!--[--><div class="Layout" data-v-c474b0ae><!--[--><!--]--><!--[--><span tabindex="-1" data-v-f637ee78></span><a href="#VPContent" class="VPSkipLink visually-hidden" data-v-f637ee78> Skip to content </a><!--]--><!----><header class="VPNav" data-v-c474b0ae data-v-97571dac><div class="VPNavBar" data-v-97571dac data-v-77090745><div class="container" data-v-77090745><div class="title" data-v-77090745><div class="VPNavBarTitle" data-v-77090745 data-v-a6217f33><a class="title" href="/" data-v-a6217f33><!--[--><!--]--><!----><!--[-->ti.bi<!--]--><!--[--><!--]--></a></div></div><div class="content" data-v-77090745><div class="curtain" data-v-77090745></div><div class="content-body" data-v-77090745><!--[--><!--]--><!----><nav aria-labelledby="main-nav-aria-label" class="VPNavBarMenu menu" data-v-77090745 data-v-066fd012><span id="main-nav-aria-label" class="visually-hidden" data-v-066fd012>Main Navigation</span><!--[--><!--[--><a class="VPLink link VPNavBarMenuLink" href="/" tabindex="0" data-v-066fd012 data-v-ca990f4d data-v-e90adabd><!--[-->Home<!--]--><!----></a><!--]--><!--[--><a class="VPLink link VPNavBarMenuLink" href="/pages/archives.html" tabindex="0" data-v-066fd012 data-v-ca990f4d data-v-e90adabd><!--[-->Archives<!--]--><!----></a><!--]--><!--[--><a class="VPLink link VPNavBarMenuLink" href="/pages/tags.html" tabindex="0" data-v-066fd012 data-v-ca990f4d data-v-e90adabd><!--[-->Tags<!--]--><!----></a><!--]--><!--[--><a class="VPLink link VPNavBarMenuLink" href="/pages/about.html" tabindex="0" data-v-066fd012 data-v-ca990f4d data-v-e90adabd><!--[-->About<!--]--><!----></a><!--]--><!--]--></nav><!----><div class="VPNavBarAppearance appearance" data-v-77090745 data-v-b8c1dd96><label title="toggle dark mode" data-v-b8c1dd96 data-v-d60a12ad><button class="VPSwitch VPSwitchAppearance" type="button" role="switch" aria-checked="false" data-v-d60a12ad data-v-92d8f6fb><span class="check" data-v-92d8f6fb><span class="icon" data-v-92d8f6fb><!--[--><svg xmlns="http://www.w3.org/2000/svg" aria-hidden="true" focusable="false" viewbox="0 0 24 24" class="sun" data-v-d60a12ad><path d="M12,18c-3.3,0-6-2.7-6-6s2.7-6,6-6s6,2.7,6,6S15.3,18,12,18zM12,8c-2.2,0-4,1.8-4,4c0,2.2,1.8,4,4,4c2.2,0,4-1.8,4-4C16,9.8,14.2,8,12,8z"></path><path d="M12,4c-0.6,0-1-0.4-1-1V1c0-0.6,0.4-1,1-1s1,0.4,1,1v2C13,3.6,12.6,4,12,4z"></path><path d="M12,24c-0.6,0-1-0.4-1-1v-2c0-0.6,0.4-1,1-1s1,0.4,1,1v2C13,23.6,12.6,24,12,24z"></path><path d="M5.6,6.6c-0.3,0-0.5-0.1-0.7-0.3L3.5,4.9c-0.4-0.4-0.4-1,0-1.4s1-0.4,1.4,0l1.4,1.4c0.4,0.4,0.4,1,0,1.4C6.2,6.5,5.9,6.6,5.6,6.6z"></path><path d="M19.8,20.8c-0.3,0-0.5-0.1-0.7-0.3l-1.4-1.4c-0.4-0.4-0.4-1,0-1.4s1-0.4,1.4,0l1.4,1.4c0.4,0.4,0.4,1,0,1.4C20.3,20.7,20,20.8,19.8,20.8z"></path><path d="M3,13H1c-0.6,0-1-0.4-1-1s0.4-1,1-1h2c0.6,0,1,0.4,1,1S3.6,13,3,13z"></path><path d="M23,13h-2c-0.6,0-1-0.4-1-1s0.4-1,1-1h2c0.6,0,1,0.4,1,1S23.6,13,23,13z"></path><path d="M4.2,20.8c-0.3,0-0.5-0.1-0.7-0.3c-0.4-0.4-0.4-1,0-1.4l1.4-1.4c0.4-0.4,1-0.4,1.4,0s0.4,1,0,1.4l-1.4,1.4C4.7,20.7,4.5,20.8,4.2,20.8z"></path><path d="M18.4,6.6c-0.3,0-0.5-0.1-0.7-0.3c-0.4-0.4-0.4-1,0-1.4l1.4-1.4c0.4-0.4,1-0.4,1.4,0s0.4,1,0,1.4l-1.4,1.4C18.9,6.5,18.6,6.6,18.4,6.6z"></path></svg><svg xmlns="http://www.w3.org/2000/svg" aria-hidden="true" focusable="false" viewbox="0 0 24 24" class="moon" data-v-d60a12ad><path d="M12.1,22c-0.3,0-0.6,0-0.9,0c-5.5-0.5-9.5-5.4-9-10.9c0.4-4.8,4.2-8.6,9-9c0.4,0,0.8,0.2,1,0.5c0.2,0.3,0.2,0.8-0.1,1.1c-2,2.7-1.4,6.4,1.3,8.4c2.1,1.6,5,1.6,7.1,0c0.3-0.2,0.7-0.3,1.1-0.1c0.3,0.2,0.5,0.6,0.5,1c-0.2,2.7-1.5,5.1-3.6,6.8C16.6,21.2,14.4,22,12.1,22zM9.3,4.4c-2.9,1-5,3.6-5.2,6.8c-0.4,4.4,2.8,8.3,7.2,8.7c2.1,0.2,4.2-0.4,5.8-1.8c1.1-0.9,1.9-2.1,2.4-3.4c-2.5,0.9-5.3,0.5-7.5-1.1C9.2,11.4,8.1,7.7,9.3,4.4z"></path></svg><!--]--></span></span></button></label></div><div class="VPSocialLinks VPNavBarSocialLinks social-links" data-v-77090745 data-v-c854324a data-v-b8f6762d><!--[--><a class="VPSocialLink" href="https://github.com/airene/vitepress-blog-pure" aria-label="github" target="_blank" rel="noopener" data-v-b8f6762d data-v-f4753e8e><svg role="img" viewBox="0 0 24 24" xmlns="http://www.w3.org/2000/svg"><title>GitHub</title><path d="M12 .297c-6.63 0-12 5.373-12 12 0 5.303 3.438 9.8 8.205 11.385.6.113.82-.258.82-.577 0-.285-.01-1.04-.015-2.04-3.338.724-4.042-1.61-4.042-1.61C4.422 18.07 3.633 17.7 3.633 17.7c-1.087-.744.084-.729.084-.729 1.205.084 1.838 1.236 1.838 1.236 1.07 1.835 2.809 1.305 3.495.998.108-.776.417-1.305.76-1.605-2.665-.3-5.466-1.332-5.466-5.93 0-1.31.465-2.38 1.235-3.22-.135-.303-.54-1.523.105-3.176 0 0 1.005-.322 3.3 1.23.96-.267 1.98-.399 3-.405 1.02.006 2.04.138 3 .405 2.28-1.552 3.285-1.23 3.285-1.23.645 1.653.24 2.873.12 3.176.765.84 1.23 1.91 1.23 3.22 0 4.61-2.805 5.625-5.475 5.92.42.36.81 1.096.81 2.22 0 1.606-.015 2.896-.015 3.286 0 .315.21.69.825.57C20.565 22.092 24 17.592 24 12.297c0-6.627-5.373-12-12-12"/></svg></a><!--]--></div><div class="VPFlyout VPNavBarExtra extra" data-v-77090745 data-v-48889eb2 data-v-226768c1><button type="button" class="button" aria-haspopup="true" aria-expanded="false" aria-label="extra navigation" data-v-226768c1><svg xmlns="http://www.w3.org/2000/svg" aria-hidden="true" focusable="false" viewbox="0 0 24 24" class="icon" data-v-226768c1><circle cx="12" cy="12" r="2"></circle><circle cx="19" cy="12" r="2"></circle><circle cx="5" cy="12" r="2"></circle></svg></button><div class="menu" data-v-226768c1><div class="VPMenu" data-v-226768c1 data-v-e42ed9b3><!----><!--[--><!--[--><!----><div class="group" data-v-48889eb2><div class="item appearance" data-v-48889eb2><p class="label" data-v-48889eb2>Appearance</p><div class="appearance-action" data-v-48889eb2><label title="toggle dark mode" data-v-48889eb2 data-v-d60a12ad><button class="VPSwitch VPSwitchAppearance" type="button" role="switch" aria-checked="false" data-v-d60a12ad data-v-92d8f6fb><span class="check" data-v-92d8f6fb><span class="icon" data-v-92d8f6fb><!--[--><svg xmlns="http://www.w3.org/2000/svg" aria-hidden="true" focusable="false" viewbox="0 0 24 24" class="sun" data-v-d60a12ad><path d="M12,18c-3.3,0-6-2.7-6-6s2.7-6,6-6s6,2.7,6,6S15.3,18,12,18zM12,8c-2.2,0-4,1.8-4,4c0,2.2,1.8,4,4,4c2.2,0,4-1.8,4-4C16,9.8,14.2,8,12,8z"></path><path d="M12,4c-0.6,0-1-0.4-1-1V1c0-0.6,0.4-1,1-1s1,0.4,1,1v2C13,3.6,12.6,4,12,4z"></path><path d="M12,24c-0.6,0-1-0.4-1-1v-2c0-0.6,0.4-1,1-1s1,0.4,1,1v2C13,23.6,12.6,24,12,24z"></path><path d="M5.6,6.6c-0.3,0-0.5-0.1-0.7-0.3L3.5,4.9c-0.4-0.4-0.4-1,0-1.4s1-0.4,1.4,0l1.4,1.4c0.4,0.4,0.4,1,0,1.4C6.2,6.5,5.9,6.6,5.6,6.6z"></path><path d="M19.8,20.8c-0.3,0-0.5-0.1-0.7-0.3l-1.4-1.4c-0.4-0.4-0.4-1,0-1.4s1-0.4,1.4,0l1.4,1.4c0.4,0.4,0.4,1,0,1.4C20.3,20.7,20,20.8,19.8,20.8z"></path><path d="M3,13H1c-0.6,0-1-0.4-1-1s0.4-1,1-1h2c0.6,0,1,0.4,1,1S3.6,13,3,13z"></path><path d="M23,13h-2c-0.6,0-1-0.4-1-1s0.4-1,1-1h2c0.6,0,1,0.4,1,1S23.6,13,23,13z"></path><path d="M4.2,20.8c-0.3,0-0.5-0.1-0.7-0.3c-0.4-0.4-0.4-1,0-1.4l1.4-1.4c0.4-0.4,1-0.4,1.4,0s0.4,1,0,1.4l-1.4,1.4C4.7,20.7,4.5,20.8,4.2,20.8z"></path><path d="M18.4,6.6c-0.3,0-0.5-0.1-0.7-0.3c-0.4-0.4-0.4-1,0-1.4l1.4-1.4c0.4-0.4,1-0.4,1.4,0s0.4,1,0,1.4l-1.4,1.4C18.9,6.5,18.6,6.6,18.4,6.6z"></path></svg><svg xmlns="http://www.w3.org/2000/svg" aria-hidden="true" focusable="false" viewbox="0 0 24 24" class="moon" data-v-d60a12ad><path d="M12.1,22c-0.3,0-0.6,0-0.9,0c-5.5-0.5-9.5-5.4-9-10.9c0.4-4.8,4.2-8.6,9-9c0.4,0,0.8,0.2,1,0.5c0.2,0.3,0.2,0.8-0.1,1.1c-2,2.7-1.4,6.4,1.3,8.4c2.1,1.6,5,1.6,7.1,0c0.3-0.2,0.7-0.3,1.1-0.1c0.3,0.2,0.5,0.6,0.5,1c-0.2,2.7-1.5,5.1-3.6,6.8C16.6,21.2,14.4,22,12.1,22zM9.3,4.4c-2.9,1-5,3.6-5.2,6.8c-0.4,4.4,2.8,8.3,7.2,8.7c2.1,0.2,4.2-0.4,5.8-1.8c1.1-0.9,1.9-2.1,2.4-3.4c-2.5,0.9-5.3,0.5-7.5-1.1C9.2,11.4,8.1,7.7,9.3,4.4z"></path></svg><!--]--></span></span></button></label></div></div></div><div class="group" data-v-48889eb2><div class="item social-links" data-v-48889eb2><div class="VPSocialLinks social-links-list" data-v-48889eb2 data-v-b8f6762d><!--[--><a class="VPSocialLink" href="https://github.com/airene/vitepress-blog-pure" aria-label="github" target="_blank" rel="noopener" data-v-b8f6762d data-v-f4753e8e><svg role="img" viewBox="0 0 24 24" xmlns="http://www.w3.org/2000/svg"><title>GitHub</title><path d="M12 .297c-6.63 0-12 5.373-12 12 0 5.303 3.438 9.8 8.205 11.385.6.113.82-.258.82-.577 0-.285-.01-1.04-.015-2.04-3.338.724-4.042-1.61-4.042-1.61C4.422 18.07 3.633 17.7 3.633 17.7c-1.087-.744.084-.729.084-.729 1.205.084 1.838 1.236 1.838 1.236 1.07 1.835 2.809 1.305 3.495.998.108-.776.417-1.305.76-1.605-2.665-.3-5.466-1.332-5.466-5.93 0-1.31.465-2.38 1.235-3.22-.135-.303-.54-1.523.105-3.176 0 0 1.005-.322 3.3 1.23.96-.267 1.98-.399 3-.405 1.02.006 2.04.138 3 .405 2.28-1.552 3.285-1.23 3.285-1.23.645 1.653.24 2.873.12 3.176.765.84 1.23 1.91 1.23 3.22 0 4.61-2.805 5.625-5.475 5.92.42.36.81 1.096.81 2.22 0 1.606-.015 2.896-.015 3.286 0 .315.21.69.825.57C20.565 22.092 24 17.592 24 12.297c0-6.627-5.373-12-12-12"/></svg></a><!--]--></div></div></div><!--]--><!--]--></div></div></div><!--[--><!--]--><button type="button" class="VPNavBarHamburger hamburger" aria-label="mobile navigation" aria-expanded="false" aria-controls="VPNavScreen" data-v-77090745 data-v-6bee1efd><span class="container" data-v-6bee1efd><span class="top" data-v-6bee1efd></span><span class="middle" data-v-6bee1efd></span><span class="bottom" data-v-6bee1efd></span></span></button></div></div></div></div><!----></header><!----><!----><div class="VPContent" id="VPContent" data-v-c474b0ae data-v-ec367081><div class="VPDoc has-aside" data-v-ec367081 data-v-f0d02bf2><div class="container" data-v-f0d02bf2><div class="aside" data-v-f0d02bf2><div class="aside-curtain" data-v-f0d02bf2></div><div class="aside-container" data-v-f0d02bf2><div class="aside-content" data-v-f0d02bf2><div class="VPDocAside" data-v-f0d02bf2 data-v-4bd7d5c6><!--[--><!--]--><!--[--><!--]--><div class="VPDocAsideOutline" data-v-4bd7d5c6 data-v-faedb0a5><div class="content" data-v-faedb0a5><div class="outline-marker" data-v-faedb0a5></div><div class="outline-title" data-v-faedb0a5>文章摘要</div><nav aria-labelledby="doc-outline-aria-label" data-v-faedb0a5><span class="visually-hidden" id="doc-outline-aria-label" data-v-faedb0a5> Table of Contents for current page </span><ul class="root" data-v-faedb0a5 data-v-4fb2f997><!--[--><!--]--></ul></nav></div></div><!--[--><!--]--><div class="spacer" data-v-4bd7d5c6></div><!--[--><!--]--><!----><!--[--><!--]--><!--[--><!--]--></div></div></div></div><div class="content" data-v-f0d02bf2><div class="content-container" data-v-f0d02bf2><!--[--><!--]--><div class="VPDocOutlineDropdown" data-v-f0d02bf2 data-v-167629cc><button class="" data-v-167629cc>文章摘要 <svg xmlns="http://www.w3.org/2000/svg" aria-hidden="true" focusable="false" viewbox="0 0 24 24" class="icon" data-v-167629cc><path d="M9,19c-0.3,0-0.5-0.1-0.7-0.3c-0.4-0.4-0.4-1,0-1.4l5.3-5.3L8.3,6.7c-0.4-0.4-0.4-1,0-1.4s1-0.4,1.4,0l6,6c0.4,0.4,0.4,1,0,1.4l-6,6C9.5,18.9,9.3,19,9,19z"></path></svg></button><!----></div><main class="main" data-v-f0d02bf2><div style="position:relative;" class="vp-doc _posts_smartmontools" data-v-f0d02bf2><div><h1 id="frontmatter-title" tabindex="-1">smartmontools <a class="header-anchor" href="#frontmatter-title" aria-label="Permalink to &quot;{{ $frontmatter.title }}&quot;">​</a></h1><p>Temperature: 33 Celsius<br> Available Spare: 100%<br> Available Spare Threshold: 99%<br> Percentage Used: 1%<br> Data Units Read: 11,150,609 [5.70 TB]<br> Data Units Written: 11,633,434 [5.95 TB]<br> Host Read Commands: 159,877,037<br> Host Write Commands: 229,447,930</p><div></div></div></div></main><footer class="VPDocFooter" data-v-f0d02bf2 data-v-f8c4bf27><!--[--><!--]--><!----><!----></footer><!--[--><!--]--></div></div></div></div></div><!----><!--[--><!--]--></div><div class="site-footer"> MIT Licensed | Copyright © 2021-present <a class="vitepress" href="https://github.com/airene/vitepress-blog-pure">ti.bi</a><br> Powered by <a class="vitepress" target="_blank" href="//vitepress.vuejs.org/">VitePress - 1.0.0-alpha.34</a> Theme by <a class="vitepress" target="_blank" href="//github.com/airene/vitepress-blog-pure">Vitepress-blog</a></div><!--]--></div>
    <script>__VP_HASH_MAP__ = JSON.parse("{\"page_2.md\":\"af8e37af\",\"page_3.md\":\"e0438f02\",\"index.md\":\"42900213\",\"page_4.md\":\"861d52e0\",\"pages_about.md\":\"c085098a\",\"posts_al_fibonacci.md\":\"bd4fcfd4\",\"posts_caddy_auto_tls.md\":\"dbe69a26\",\"posts_ont_network_status.md\":\"4a590901\",\"posts_chrome_unsafe_port.md\":\"dd045dcc\",\"posts_psd_size_reduce.md\":\"61ae5843\",\"posts_safari_date.md\":\"61f1933c\",\"posts_smartmontools.md\":\"ff83fbd2\",\"posts_treeshaking.md\":\"ca1ee1e2\",\"posts_ts_infer.md\":\"cb93166d\",\"posts_ts_covariance_contravariance.md\":\"0342cfe4\",\"posts_ds_binary_search_tree.md\":\"0f5a5118\",\"posts_gitk_retina.md\":\"c16edb39\",\"posts_hsts_307.md\":\"fce01bcd\",\"posts_js_skywalkingjs_wavesurfer.md\":\"a953b3a5\",\"posts_js_slice.md\":\"2ccb2424\",\"posts_macos11_smooth_font.md\":\"4b42e43b\",\"posts_macos_battery.md\":\"949e1338\",\"posts_macos_file_permission.md\":\"5435d96b\",\"posts_macos_keynote_yahei.md\":\"cbda0c5f\",\"posts_mycomputers.md\":\"8be72e0f\",\"posts_nginx_caddy_cofig.md\":\"6cb82714\",\"posts_nginx_config.md\":\"b85c526d\",\"posts_travis_ci.md\":\"5bd2034b\",\"pages_archives.md\":\"2a06dd2e\",\"posts_al_path_sum.md\":\"5856d326\",\"pages_tags.md\":\"fb37c6df\",\"posts_nic_rtl8168_driver.md\":\"eafac9b7\",\"posts_vue_optimize.md\":\"b0549fb3\",\"posts_windows_server_2022.md\":\"a8339114\",\"posts_write_36.md\":\"f83094fe\",\"posts_write_async_scheduler.md\":\"a9f8fe23\",\"posts_zsh_history.md\":\"d8de6c8c\",\"posts_vitepress-first.md\":\"d60b5b31\",\"posts_unraid_proxy_map.md\":\"d877bfe2\",\"posts_vite_dev_ui_optimize.md\":\"2d55d6b5\",\"posts_vite_dev_speed.md\":\"ac7debbc\"}")
__VP_SITE_DATA__ = JSON.parse("{\"lang\":\"en-US\",\"dir\":\"ltr\",\"title\":\"ti.bi\",\"description\":\"ti.bi,half code,half designer\",\"base\":\"/\",\"head\":[],\"appearance\":true,\"themeConfig\":{\"posts\":[{\"frontMatter\":{\"date\":\"2023-03-26\",\"title\":\"nginx 和 caddy 反向代理的区别\",\"tags\":[\"nginx\",\"caddy\"],\"description\":\"caddy简单的反向代理非常好实现，如果是稍微复杂点的，还真不知道caddy怎么写，查资料都不好查，官网翻了半天都没有，为了自动证书特性还是google到了，虽然知道底层用的是acme.sh的，还是不想额外单独自己装\"},\"regularPath\":\"/posts/nginx_caddy_cofig.html\"},{\"frontMatter\":{\"date\":\"2023-03-05\",\"title\":\"Vite开发环境UI框架库加载提速不同UI库的写法\",\"tags\":[\"fe\"],\"description\":\"用vite开发前端，发现一个工程在引入ui库的情况下，在开发过程中如果启用一个新的ui库中的组件甚至切换一个没用的UI新组件，总是要\\\"等待\\\"编译一会，有什么方式能提交这个方面的效率呢？\"},\"regularPath\":\"/posts/vite_dev_speed.html\"},{\"frontMatter\":{\"date\":\"2023-02-04\",\"title\":\"是时候尝试一下Caddy了\",\"tags\":[\"caddy\"],\"description\":\"Caddy v2，免费且自动SSL证书续期，配置文件及其简约，它很香\"},\"regularPath\":\"/posts/caddy_auto_tls.html\"},{\"frontMatter\":{\"date\":\"2023-01-10\",\"title\":\"Nginx中一些不常见但是有用的配置和windows下的特殊处理\",\"tags\":[\"nginx\"],\"description\":\"装上就能用，但是有些地方还是有一些个性化需求的，记录一下，也许别人也会用到，比如最优的让ip不能访问而不是打开\\\"第一个\\\"，代理下的静态文件关闭日志等\"},\"regularPath\":\"/posts/nginx_config.html\"},{\"frontMatter\":{\"date\":\"2022-12-18\",\"title\":\"近期遇到的几个问题\",\"tags\":[\"windows server\"],\"description\":\"windows server, app store\"},\"regularPath\":\"/posts/windows_server_2022.html\"},{\"frontMatter\":{\"date\":\"2022-11-15\",\"title\":\"从skywalkingjs和wavesurfer.js同时使用后者无法工作到给官方提交一个PR\",\"tags\":[\"js\"],\"description\":\"一个项目用到了wavesurfer.js，项目又在之前引用了skywalking做链路追踪，结果就是二进制流的wave图形加载不出来，控制台没有任何报错\"},\"regularPath\":\"/posts/js_skywalkingjs_wavesurfer.html\"},{\"frontMatter\":{\"date\":\"2022-10-29\",\"title\":\"解决NUC11阿斯加特峡谷 ubuntu22.04 RTL8168网卡驱动问题\",\"tags\":[\"nuc11\",\"RTL8168\"],\"description\":\"即使到ubuntu的22版本，也没有正确安装RTL驱动，unraid的机器也有类似的问题，插资料好像是螃蟹卡的尿性，没有积极往内核集成，所以内核里只有一个能用不好用的r8169驱动，表现就是网速各种上不去\"},\"regularPath\":\"/posts/nic_rtl8168_driver.html\"},{\"frontMatter\":{\"date\":\"2022-10-22\",\"title\":\"Unraid 实现能代理的时间路线图\",\"tags\":[\"unraid\"],\"description\":\"对于有\\\"洁癖\\\"，或者家里\\\"条件\\\"不好的，比如没有旁路由或者主路由无法开魔法的人可以看一下，这是一个长时间的有点像流水账，并不是一个保姆级教程\"},\"regularPath\":\"/posts/unraid_proxy_map.html\"},{\"frontMatter\":{\"date\":\"2022-09-18\",\"title\":\"给华为HN8346x6安装一个轻量版的 server_status\",\"tags\":[\"ont\",\"光猫\"],\"description\":\"给光猫安装一个网速监控\"},\"regularPath\":\"/posts/ont_network_status.html\"},{\"frontMatter\":{\"date\":\"2022-07-07\",\"title\":\"vite 开发环境UI框架库加载优化\",\"tags\":[\"vite\",\"ui\"],\"description\":\"开发环境ui框架库使用vite，启用按需引入特性时导致optimizeDeps.include失效\"},\"regularPath\":\"/posts/vite_dev_ui_optimize.html\"},{\"frontMatter\":{\"date\":\"2022-03-03\",\"title\":\"macOS电池掉电，一晚上就没电\",\"tags\":[\"macOS\"],\"description\":\"macOS 12.2 蓝牙bug我遇到了，一晚上肯定没电\"},\"regularPath\":\"/posts/macos_battery.html\"},{\"frontMatter\":{\"date\":\"2022-01-05\",\"title\":\"macOS keynote 微软雅黑如何加粗\",\"tags\":[\"macOS\",\"keynote\"],\"description\":\"macOS keynote 微软雅黑如何加粗\"},\"regularPath\":\"/posts/macos_keynote_yahei.html\"},{\"frontMatter\":{\"date\":\"2021-11-01\",\"title\":\"macOS11之后开启平滑字体\",\"tags\":[\"macOS\"],\"description\":\"从macOS11开始设置里面平滑字体没了，字体明显不舒服\"},\"regularPath\":\"/posts/macos11_smooth_font.html\"},{\"frontMatter\":{\"date\":\"2021-09-17\",\"title\":\"Hsts，httpcode - 302 303 307\",\"tags\":[\"httpcode\",\"hsts\"],\"description\":\"没见过hsts是个什么东东，用一个jsdelivr的接口,发现的307和响应header里面有hsts\"},\"regularPath\":\"/posts/hsts_307.html\"},{\"frontMatter\":{\"date\":\"2021-09-08\",\"title\":\"Chrome默认的不让用的端口列表\",\"tags\":[\"chrome\"],\"description\":\"chrome的ERR_UNSAFE_PORT是怎么回事\"},\"regularPath\":\"/posts/chrome_unsafe_port.html\"},{\"frontMatter\":{\"date\":\"2021-09-04\",\"title\":\"类数组的 [].slice.call 和 Array.prototype.slice.call\",\"tags\":[\"js\",\"性能\"],\"description\":\"测试一下 [].slice.call 和 Array.prototype.slice.call比较\"},\"regularPath\":\"/posts/js_slice.html\"},{\"frontMatter\":{\"date\":\"2021-08-21\",\"title\":\"ts 之 infer 使用\",\"tags\":[\"ts\"],\"description\":\"看到infer到时候就懵了，从网上找到文章基本都讲都不是很清楚，至少我看起来不是很清楚\"},\"regularPath\":\"/posts/ts_infer.html\"},{\"frontMatter\":{\"date\":\"2021-08-19\",\"title\":\"safari 中的 new Date传参的兼容性问题\",\"tags\":[\"js\",\"safari\"],\"description\":\"new Date()中有字符串\"},\"regularPath\":\"/posts/safari_date.html\"},{\"frontMatter\":{\"date\":\"2021-08-08\",\"title\":\"Typescirpt 之协变逆变\",\"description\":\"深入学习Typescript的关键特性之 Covariance and contravariance\",\"tags\":[\"ts\"]},\"regularPath\":\"/posts/ts_covariance_contravariance.html\"},{\"frontMatter\":{\"date\":\"2021-08-02\",\"title\":\"你以为的 treeshaking 可能不是你以为的 treeshaking\",\"tags\":[\"treeshaking\",\"esm\"],\"description\":\"treeshaking最早由rollup实现，但是因为js语言本身的关系，和想象中差别还是挺大的\"},\"regularPath\":\"/posts/treeshaking.html\"},{\"frontMatter\":{\"date\":\"2021-07-04\",\"title\":\"travis_ci 自动部署 vitepress\",\"tags\":[\"travis\"],\"description\":\"这个是vitepress官方的配置加了些优化，主要是能提升构建速度\"},\"regularPath\":\"/posts/travis_ci.html\"},{\"frontMatter\":{\"date\":\"2021-06-30\",\"title\":\"一直想找一个系统架构和设计都足够干净的系统\",\"tags\":[\"vitepress\",\"markdown\"],\"description\":\"vitepress的markdown插件支持的语法，一直想找一个干净的系统架构和设计都足够干净都，一直没满意的，不满意就自己设计，一直想找一个干净的系统架构和设计都足够干净都，一直没满意的，不满意就自己设计\"},\"regularPath\":\"/posts/vitepress-first.html\"},{\"frontMatter\":{\"date\":\"2021-05-20\",\"title\":\".zsh_history 历史记录优化\",\"tags\":[\"macOS\"],\"description\":\"历史重复的命令太多了，不用grep都不太好找，好在可以用shell把相同的去掉\"},\"regularPath\":\"/posts/zsh_history.html\"},{\"frontMatter\":{\"date\":\"2020-11-26\",\"title\":\"smartmontools\",\"tags\":[\"macOS\"],\"description\":\"硬盘使用统计工具 brew安装\"},\"regularPath\":\"/posts/smartmontools.html\"},{\"frontMatter\":{\"date\":\"2020-03-02\",\"title\":\"基于 async 和 await 的异步调度器\",\"tags\":[\"手撕\"],\"description\":\"实现一个限制并发的异步调度器\"},\"regularPath\":\"/posts/write_async_scheduler.html\"},{\"frontMatter\":{\"date\":\"2020-02-20\",\"title\":\"vue性能优化的9个技巧\",\"tags\":[\"vue\"],\"description\":\"业务系统可能不太在乎性能，写框架就会要求高不少\"},\"regularPath\":\"/posts/vue_optimize.html\"},{\"frontMatter\":{\"date\":\"2019-06-06\",\"title\":\"我的每一台电脑\",\"tags\":[\"computer\"],\"description\":\"从上学以来买过的电脑们\"},\"regularPath\":\"/posts/mycomputers.html\"},{\"frontMatter\":{\"date\":\"2017-08-07\",\"title\":\"路径总和问题 - 是否存在满足条件的路径\",\"tags\":[\"算法\"],\"description\":\"二叉树相关的算法\"},\"regularPath\":\"/posts/al_path_sum.html\"},{\"frontMatter\":{\"date\":\"2017-08-01\",\"title\":\"数据结构 - 二叉搜索树以及常见方法\",\"tags\":[\"数据结构\"],\"description\":\"汇总了常见二叉树的操作或者查询方法\"},\"regularPath\":\"/posts/ds_binary_search_tree.html\"},{\"frontMatter\":{\"date\":\"2017-05-21\",\"title\":\"三十六进制转换\",\"tags\":[\"手撕\"]},\"regularPath\":\"/posts/write_36.html\"},{\"frontMatter\":{\"date\":\"2017-04-26\",\"title\":\"斐波那契数列的JS实现\",\"tags\":[\"算法\"],\"description\":\"斐波那契数列的几种实现\"},\"regularPath\":\"/posts/al_fibonacci.html\"},{\"frontMatter\":{\"date\":\"2017-03-31\",\"title\":\"PSD文件减小体积\",\"tags\":[\"photoshop\"],\"description\":\"有时候一个psd文件有用的信息基本上没有，但是文件体积都到大几十M，搜了很多方法才找到这个神奇的函数\"},\"regularPath\":\"/posts/psd_size_reduce.html\"},{\"frontMatter\":{\"date\":\"2017-03-29\",\"title\":\"全新安装macOS系统考回的文件权限变成777修复\",\"description\":\"大版本升级喜欢全格之后升级，遇到的问题是文件系统权限就全变777了，从网上找到了解决办法\",\"tags\":[\"macOS\"]},\"regularPath\":\"/posts/macos_file_permission.html\"},{\"frontMatter\":{\"date\":\"2016-09-26\",\"title\":\"解决macOS gitk字体retina display\",\"tags\":[\"macOS\"]},\"regularPath\":\"/posts/gitk_retina.html\"}],\"website\":\"https://github.com/airene/vitepress-blog-pure\",\"comment\":{\"repo\":\"airene/vitepress-blog-pure\",\"themes\":\"github-light\",\"issueTerm\":\"pathname\"},\"nav\":[{\"text\":\"Home\",\"link\":\"/\"},{\"text\":\"Archives\",\"link\":\"/pages/archives\"},{\"text\":\"Tags\",\"link\":\"/pages/tags\"},{\"text\":\"About\",\"link\":\"/pages/about\"}],\"outlineTitle\":\"文章摘要\",\"socialLinks\":[{\"icon\":\"github\",\"link\":\"https://github.com/airene/vitepress-blog-pure\"}]},\"locales\":{},\"scrollOffset\":90,\"cleanUrls\":false}")</script>
    
  </body>
</html>